*youtubekids.com
*x.com
*thebell.io
*theins.info
*theins.press
*theins.ru
*themoviedb.org
*openai.com
*openmedia.io
*ovd.info
*ovd.legal
*ovd.news
*ovdinfo.org
*mdza.io
*mediazona.ca
*mediazona.online
*medicalnewstoday.com
*medium.com
*meduza.io
*chatgpt.com
*zohomail.com
*zona.media
*googlevideo.com
*youtube.com
i.ytimg.com
youtubei.googleapis.com
yt3.ggpht.com
yt3.googleusercontent.com
bard.google.com
copilot.microsoft.com
gemini.google.com
news.google.com
play.google.com
tokenized.play.google.com
youtube.com
www.youtube.com
youtubei.googleapis.com
ytimg.com
youtube.googleapis.com
youtube.l.google.com
youtubei.googleapis.com
googlevideo.com
youtube.googleapis.com
youtube.l.google.com
r3---sn-cvh76nez.googlevideo.com 
android.clients.google.com 
ssl.google-analytics.com 
safebrowsing.googleapis.com 
spoc-pool-gtm.norton.com 
reports.crashlytics.com 
connectivitycheck.gstatic.com
googlevideo.com
yt3.ggpht.com
youtube.com
i.ytimg.com
youtubei.googleapis.com
yt3.ggpht.com
yt3.googleusercontent.com
m.youtube.com
googleapis.com
gstatic.com
s.youtube.com
youtu.be
